#-----------------------------------------------------------
# Webtalk v2020.2 (64-bit)
# SW Build 3064766 on Wed Nov 18 09:12:47 MST 2020
# IP Build 3064653 on Wed Nov 18 14:17:31 MST 2020
# Start of session at: Thu Nov 14 10:01:21 2024
# Process ID: 3465
# Current directory: /home/klk46394/Documents/PPL/PPL--Beat-the-clock/BeatTheClock/BeatTheClock.sim/sim_1/behav/xsim
# Command line: wbtcv -mode batch -source /home/klk46394/Documents/PPL/PPL--Beat-the-clock/BeatTheClock/BeatTheClock.sim/sim_1/behav/xsim/xsim.dir/prng_tb_behav/webtalk/xsim_webtalk.tcl -notrace
# Log file: /home/klk46394/Documents/PPL/PPL--Beat-the-clock/BeatTheClock/BeatTheClock.sim/sim_1/behav/xsim/webtalk.log
# Journal file: /home/klk46394/Documents/PPL/PPL--Beat-the-clock/BeatTheClock/BeatTheClock.sim/sim_1/behav/xsim/webtalk.jou
#-----------------------------------------------------------
source /home/klk46394/Documents/PPL/PPL--Beat-the-clock/BeatTheClock/BeatTheClock.sim/sim_1/behav/xsim/xsim.dir/prng_tb_behav/webtalk/xsim_webtalk.tcl -notrace
